Command line invocation:
    /Applications/Xcode.app/Contents/Developer/usr/bin/xcodebuild -project /Volumes/SN550-2T/freewind-demos/swift-var-constant-demo/swift_var_constant_demo.xcodeproj -scheme swift_var_constant_demo -configuration Debug -destination platform=macOS,arch=x86_64 -derivedDataPath /Volumes/SN550-2T/freewind-demos/swift-var-constant-demo/build/out/DerivedData ONLY_ACTIVE_ARCH=YES ARCHS=x86_64 CONFIGURATION_BUILD_DIR=/Volumes/SN550-2T/freewind-demos/swift-var-constant-demo/build/out/Debug build

Build settings from command line:
    ARCHS = x86_64
    CONFIGURATION_BUILD_DIR = /Volumes/SN550-2T/freewind-demos/swift-var-constant-demo/build/out/Debug
    ONLY_ACTIVE_ARCH = YES

ComputePackagePrebuildTargetDependencyGraph

Prepare packages

CreateBuildRequest

SendProjectDescription

CreateBuildOperation

ComputeTargetDependencyGraph
note: Building targets in dependency order
note: Target dependency graph (1 target)
    Target 'swift_var_constant_demo' in project 'swift_var_constant_demo' (no dependencies)

GatherProvisioningInputs

CreateBuildDescription

ExecuteExternalTool /Applications/Xcode.app/Contents/Developer/Toolchains/XcodeDefault.xctoolchain/usr/bin/clang -v -E -dM -isysroot /Applications/Xcode.app/Contents/Developer/Platforms/MacOSX.platform/Developer/SDKs/MacOSX26.2.sdk -x c -c /dev/null

ExecuteExternalTool /Applications/Xcode.app/Contents/Developer/Toolchains/XcodeDefault.xctoolchain/usr/bin/swiftc --version

ExecuteExternalTool /Applications/Xcode.app/Contents/Developer/Toolchains/XcodeDefault.xctoolchain/usr/bin/ld -version_details

Build description signature: 2093ce3e22e8fbdf4d982db5faff150d
Build description path: /Volumes/SN550-2T/freewind-demos/swift-var-constant-demo/build/out/DerivedData/Build/Intermediates.noindex/XCBuildData/2093ce3e22e8fbdf4d982db5faff150d.xcbuilddata
CreateBuildDirectory /Volumes/SN550-2T/freewind-demos/swift-var-constant-demo/build/out/DerivedData/Build/Products
    cd /Volumes/SN550-2T/freewind-demos/swift-var-constant-demo/swift_var_constant_demo.xcodeproj
    builtin-create-build-directory /Volumes/SN550-2T/freewind-demos/swift-var-constant-demo/build/out/DerivedData/Build/Products

CreateBuildDirectory /Volumes/SN550-2T/freewind-demos/swift-var-constant-demo/build/out/DerivedData/Build/Intermediates.noindex
    cd /Volumes/SN550-2T/freewind-demos/swift-var-constant-demo/swift_var_constant_demo.xcodeproj
    builtin-create-build-directory /Volumes/SN550-2T/freewind-demos/swift-var-constant-demo/build/out/DerivedData/Build/Intermediates.noindex

CreateBuildDirectory /Volumes/SN550-2T/freewind-demos/swift-var-constant-demo/build/out/Debug
    cd /Volumes/SN550-2T/freewind-demos/swift-var-constant-demo/swift_var_constant_demo.xcodeproj
    builtin-create-build-directory /Volumes/SN550-2T/freewind-demos/swift-var-constant-demo/build/out/Debug

ClangStatCache /Applications/Xcode.app/Contents/Developer/Toolchains/XcodeDefault.xctoolchain/usr/bin/clang-stat-cache /Applications/Xcode.app/Contents/Developer/Platforms/MacOSX.platform/Developer/SDKs/MacOSX26.2.sdk /Volumes/SN550-2T/freewind-demos/swift-var-constant-demo/build/out/DerivedData/SDKStatCaches.noindex/macosx26.2-25C58-00fa09913b459cbbc988d1f6730289ae.sdkstatcache
    cd /Volumes/SN550-2T/freewind-demos/swift-var-constant-demo/swift_var_constant_demo.xcodeproj
    /Applications/Xcode.app/Contents/Developer/Toolchains/XcodeDefault.xctoolchain/usr/bin/clang-stat-cache /Applications/Xcode.app/Contents/Developer/Platforms/MacOSX.platform/Developer/SDKs/MacOSX26.2.sdk -o /Volumes/SN550-2T/freewind-demos/swift-var-constant-demo/build/out/DerivedData/SDKStatCaches.noindex/macosx26.2-25C58-00fa09913b459cbbc988d1f6730289ae.sdkstatcache

CreateBuildDirectory /Volumes/SN550-2T/freewind-demos/swift-var-constant-demo/build/out/DerivedData/Build/Intermediates.noindex/ExplicitPrecompiledModules
    cd /Volumes/SN550-2T/freewind-demos/swift-var-constant-demo/swift_var_constant_demo.xcodeproj
    builtin-create-build-directory /Volumes/SN550-2T/freewind-demos/swift-var-constant-demo/build/out/DerivedData/Build/Intermediates.noindex/ExplicitPrecompiledModules

CreateBuildDirectory /Volumes/SN550-2T/freewind-demos/swift-var-constant-demo/build/out/DerivedData/Build/Intermediates.noindex/SwiftExplicitPrecompiledModules
    cd /Volumes/SN550-2T/freewind-demos/swift-var-constant-demo/swift_var_constant_demo.xcodeproj
    builtin-create-build-directory /Volumes/SN550-2T/freewind-demos/swift-var-constant-demo/build/out/DerivedData/Build/Intermediates.noindex/SwiftExplicitPrecompiledModules

CreateBuildDirectory /Volumes/SN550-2T/freewind-demos/swift-var-constant-demo/build/out/DerivedData/Build/Intermediates.noindex/EagerLinkingTBDs/Debug
    cd /Volumes/SN550-2T/freewind-demos/swift-var-constant-demo/swift_var_constant_demo.xcodeproj
    builtin-create-build-directory /Volumes/SN550-2T/freewind-demos/swift-var-constant-demo/build/out/DerivedData/Build/Intermediates.noindex/EagerLinkingTBDs/Debug

WriteAuxiliaryFile /Volumes/SN550-2T/freewind-demos/swift-var-constant-demo/build/out/DerivedData/Build/Intermediates.noindex/swift_var_constant_demo.build/Debug/swift_var_constant_demo-63243b2d650e2815ec6717bb7a4f30d4-VFS/all-product-headers.yaml
    cd /Volumes/SN550-2T/freewind-demos/swift-var-constant-demo/swift_var_constant_demo.xcodeproj
    write-file /Volumes/SN550-2T/freewind-demos/swift-var-constant-demo/build/out/DerivedData/Build/Intermediates.noindex/swift_var_constant_demo.build/Debug/swift_var_constant_demo-63243b2d650e2815ec6717bb7a4f30d4-VFS/all-product-headers.yaml

WriteAuxiliaryFile /Volumes/SN550-2T/freewind-demos/swift-var-constant-demo/build/out/DerivedData/Build/Intermediates.noindex/swift_var_constant_demo.build/Debug/swift_var_constant_demo.build/swift_var_constant_demo.DependencyStaticMetadataFileList (in target 'swift_var_constant_demo' from project 'swift_var_constant_demo')
    cd /Volumes/SN550-2T/freewind-demos/swift-var-constant-demo
    write-file /Volumes/SN550-2T/freewind-demos/swift-var-constant-demo/build/out/DerivedData/Build/Intermediates.noindex/swift_var_constant_demo.build/Debug/swift_var_constant_demo.build/swift_var_constant_demo.DependencyStaticMetadataFileList

WriteAuxiliaryFile /Volumes/SN550-2T/freewind-demos/swift-var-constant-demo/build/out/DerivedData/Build/Intermediates.noindex/swift_var_constant_demo.build/Debug/swift_var_constant_demo.build/swift_var_constant_demo.DependencyMetadataFileList (in target 'swift_var_constant_demo' from project 'swift_var_constant_demo')
    cd /Volumes/SN550-2T/freewind-demos/swift-var-constant-demo
    write-file /Volumes/SN550-2T/freewind-demos/swift-var-constant-demo/build/out/DerivedData/Build/Intermediates.noindex/swift_var_constant_demo.build/Debug/swift_var_constant_demo.build/swift_var_constant_demo.DependencyMetadataFileList

WriteAuxiliaryFile /Volumes/SN550-2T/freewind-demos/swift-var-constant-demo/build/out/DerivedData/Build/Intermediates.noindex/swift_var_constant_demo.build/Debug/swift_var_constant_demo.build/swift_var_constant_demo-project-headers.hmap (in target 'swift_var_constant_demo' from project 'swift_var_constant_demo')
    cd /Volumes/SN550-2T/freewind-demos/swift-var-constant-demo
    write-file /Volumes/SN550-2T/freewind-demos/swift-var-constant-demo/build/out/DerivedData/Build/Intermediates.noindex/swift_var_constant_demo.build/Debug/swift_var_constant_demo.build/swift_var_constant_demo-project-headers.hmap

WriteAuxiliaryFile /Volumes/SN550-2T/freewind-demos/swift-var-constant-demo/build/out/DerivedData/Build/Intermediates.noindex/swift_var_constant_demo.build/Debug/swift_var_constant_demo.build/swift_var_constant_demo-own-target-headers.hmap (in target 'swift_var_constant_demo' from project 'swift_var_constant_demo')
    cd /Volumes/SN550-2T/freewind-demos/swift-var-constant-demo
    write-file /Volumes/SN550-2T/freewind-demos/swift-var-constant-demo/build/out/DerivedData/Build/Intermediates.noindex/swift_var_constant_demo.build/Debug/swift_var_constant_demo.build/swift_var_constant_demo-own-target-headers.hmap

WriteAuxiliaryFile /Volumes/SN550-2T/freewind-demos/swift-var-constant-demo/build/out/DerivedData/Build/Intermediates.noindex/swift_var_constant_demo.build/Debug/swift_var_constant_demo.build/swift_var_constant_demo.hmap (in target 'swift_var_constant_demo' from project 'swift_var_constant_demo')
    cd /Volumes/SN550-2T/freewind-demos/swift-var-constant-demo
    write-file /Volumes/SN550-2T/freewind-demos/swift-var-constant-demo/build/out/DerivedData/Build/Intermediates.noindex/swift_var_constant_demo.build/Debug/swift_var_constant_demo.build/swift_var_constant_demo.hmap

WriteAuxiliaryFile /Volumes/SN550-2T/freewind-demos/swift-var-constant-demo/build/out/DerivedData/Build/Intermediates.noindex/swift_var_constant_demo.build/Debug/swift_var_constant_demo.build/swift_var_constant_demo-all-target-headers.hmap (in target 'swift_var_constant_demo' from project 'swift_var_constant_demo')
    cd /Volumes/SN550-2T/freewind-demos/swift-var-constant-demo
    write-file /Volumes/SN550-2T/freewind-demos/swift-var-constant-demo/build/out/DerivedData/Build/Intermediates.noindex/swift_var_constant_demo.build/Debug/swift_var_constant_demo.build/swift_var_constant_demo-all-target-headers.hmap

WriteAuxiliaryFile /Volumes/SN550-2T/freewind-demos/swift-var-constant-demo/build/out/DerivedData/Build/Intermediates.noindex/swift_var_constant_demo.build/Debug/swift_var_constant_demo.build/swift_var_constant_demo-generated-files.hmap (in target 'swift_var_constant_demo' from project 'swift_var_constant_demo')
    cd /Volumes/SN550-2T/freewind-demos/swift-var-constant-demo
    write-file /Volumes/SN550-2T/freewind-demos/swift-var-constant-demo/build/out/DerivedData/Build/Intermediates.noindex/swift_var_constant_demo.build/Debug/swift_var_constant_demo.build/swift_var_constant_demo-generated-files.hmap

WriteAuxiliaryFile /Volumes/SN550-2T/freewind-demos/swift-var-constant-demo/build/out/DerivedData/Build/Intermediates.noindex/swift_var_constant_demo.build/Debug/swift_var_constant_demo.build/swift_var_constant_demo-all-non-framework-target-headers.hmap (in target 'swift_var_constant_demo' from project 'swift_var_constant_demo')
    cd /Volumes/SN550-2T/freewind-demos/swift-var-constant-demo
    write-file /Volumes/SN550-2T/freewind-demos/swift-var-constant-demo/build/out/DerivedData/Build/Intermediates.noindex/swift_var_constant_demo.build/Debug/swift_var_constant_demo.build/swift_var_constant_demo-all-non-framework-target-headers.hmap

WriteAuxiliaryFile /Volumes/SN550-2T/freewind-demos/swift-var-constant-demo/build/out/DerivedData/Build/Intermediates.noindex/swift_var_constant_demo.build/Debug/swift_var_constant_demo.build/swift_var_constant_demo-DebugDylibPath-normal-x86_64.txt (in target 'swift_var_constant_demo' from project 'swift_var_constant_demo')
    cd /Volumes/SN550-2T/freewind-demos/swift-var-constant-demo
    write-file /Volumes/SN550-2T/freewind-demos/swift-var-constant-demo/build/out/DerivedData/Build/Intermediates.noindex/swift_var_constant_demo.build/Debug/swift_var_constant_demo.build/swift_var_constant_demo-DebugDylibPath-normal-x86_64.txt

WriteAuxiliaryFile /Volumes/SN550-2T/freewind-demos/swift-var-constant-demo/build/out/DerivedData/Build/Intermediates.noindex/swift_var_constant_demo.build/Debug/swift_var_constant_demo.build/swift_var_constant_demo-DebugDylibInstallName-normal-x86_64.txt (in target 'swift_var_constant_demo' from project 'swift_var_constant_demo')
    cd /Volumes/SN550-2T/freewind-demos/swift-var-constant-demo
    write-file /Volumes/SN550-2T/freewind-demos/swift-var-constant-demo/build/out/DerivedData/Build/Intermediates.noindex/swift_var_constant_demo.build/Debug/swift_var_constant_demo.build/swift_var_constant_demo-DebugDylibInstallName-normal-x86_64.txt

WriteAuxiliaryFile /Volumes/SN550-2T/freewind-demos/swift-var-constant-demo/build/out/DerivedData/Build/Intermediates.noindex/swift_var_constant_demo.build/Debug/swift_var_constant_demo.build/empty-swift_var_constant_demo.plist (in target 'swift_var_constant_demo' from project 'swift_var_constant_demo')
    cd /Volumes/SN550-2T/freewind-demos/swift-var-constant-demo
    write-file /Volumes/SN550-2T/freewind-demos/swift-var-constant-demo/build/out/DerivedData/Build/Intermediates.noindex/swift_var_constant_demo.build/Debug/swift_var_constant_demo.build/empty-swift_var_constant_demo.plist

WriteAuxiliaryFile /Volumes/SN550-2T/freewind-demos/swift-var-constant-demo/build/out/DerivedData/Build/Intermediates.noindex/swift_var_constant_demo.build/Debug/swift_var_constant_demo.build/Objects-normal/x86_64/swift_var_constant_demo_const_extract_protocols.json (in target 'swift_var_constant_demo' from project 'swift_var_constant_demo')
    cd /Volumes/SN550-2T/freewind-demos/swift-var-constant-demo
    write-file /Volumes/SN550-2T/freewind-demos/swift-var-constant-demo/build/out/DerivedData/Build/Intermediates.noindex/swift_var_constant_demo.build/Debug/swift_var_constant_demo.build/Objects-normal/x86_64/swift_var_constant_demo_const_extract_protocols.json

WriteAuxiliaryFile /Volumes/SN550-2T/freewind-demos/swift-var-constant-demo/build/out/DerivedData/Build/Intermediates.noindex/swift_var_constant_demo.build/Debug/swift_var_constant_demo.build/Objects-normal/x86_64/swift_var_constant_demo-OutputFileMap.json (in target 'swift_var_constant_demo' from project 'swift_var_constant_demo')
    cd /Volumes/SN550-2T/freewind-demos/swift-var-constant-demo
    write-file /Volumes/SN550-2T/freewind-demos/swift-var-constant-demo/build/out/DerivedData/Build/Intermediates.noindex/swift_var_constant_demo.build/Debug/swift_var_constant_demo.build/Objects-normal/x86_64/swift_var_constant_demo-OutputFileMap.json

WriteAuxiliaryFile /Volumes/SN550-2T/freewind-demos/swift-var-constant-demo/build/out/DerivedData/Build/Intermediates.noindex/swift_var_constant_demo.build/Debug/swift_var_constant_demo.build/Objects-normal/x86_64/swift_var_constant_demo.SwiftConstValuesFileList (in target 'swift_var_constant_demo' from project 'swift_var_constant_demo')
    cd /Volumes/SN550-2T/freewind-demos/swift-var-constant-demo
    write-file /Volumes/SN550-2T/freewind-demos/swift-var-constant-demo/build/out/DerivedData/Build/Intermediates.noindex/swift_var_constant_demo.build/Debug/swift_var_constant_demo.build/Objects-normal/x86_64/swift_var_constant_demo.SwiftConstValuesFileList

WriteAuxiliaryFile /Volumes/SN550-2T/freewind-demos/swift-var-constant-demo/build/out/DerivedData/Build/Intermediates.noindex/swift_var_constant_demo.build/Debug/swift_var_constant_demo.build/Objects-normal/x86_64/swift_var_constant_demo.SwiftFileList (in target 'swift_var_constant_demo' from project 'swift_var_constant_demo')
    cd /Volumes/SN550-2T/freewind-demos/swift-var-constant-demo
    write-file /Volumes/SN550-2T/freewind-demos/swift-var-constant-demo/build/out/DerivedData/Build/Intermediates.noindex/swift_var_constant_demo.build/Debug/swift_var_constant_demo.build/Objects-normal/x86_64/swift_var_constant_demo.SwiftFileList

WriteAuxiliaryFile /Volumes/SN550-2T/freewind-demos/swift-var-constant-demo/build/out/DerivedData/Build/Intermediates.noindex/swift_var_constant_demo.build/Debug/swift_var_constant_demo.build/Objects-normal/x86_64/swift_var_constant_demo.LinkFileList (in target 'swift_var_constant_demo' from project 'swift_var_constant_demo')
    cd /Volumes/SN550-2T/freewind-demos/swift-var-constant-demo
    write-file /Volumes/SN550-2T/freewind-demos/swift-var-constant-demo/build/out/DerivedData/Build/Intermediates.noindex/swift_var_constant_demo.build/Debug/swift_var_constant_demo.build/Objects-normal/x86_64/swift_var_constant_demo.LinkFileList

WriteAuxiliaryFile /Volumes/SN550-2T/freewind-demos/swift-var-constant-demo/build/out/DerivedData/Build/Intermediates.noindex/swift_var_constant_demo.build/Debug/swift_var_constant_demo.build/DerivedSources/Entitlements.plist (in target 'swift_var_constant_demo' from project 'swift_var_constant_demo')
    cd /Volumes/SN550-2T/freewind-demos/swift-var-constant-demo
    write-file /Volumes/SN550-2T/freewind-demos/swift-var-constant-demo/build/out/DerivedData/Build/Intermediates.noindex/swift_var_constant_demo.build/Debug/swift_var_constant_demo.build/DerivedSources/Entitlements.plist

MkDir /Volumes/SN550-2T/freewind-demos/swift-var-constant-demo/build/out/Debug/swift_var_constant_demo.app/Contents (in target 'swift_var_constant_demo' from project 'swift_var_constant_demo')
    cd /Volumes/SN550-2T/freewind-demos/swift-var-constant-demo
    /bin/mkdir -p /Volumes/SN550-2T/freewind-demos/swift-var-constant-demo/build/out/Debug/swift_var_constant_demo.app/Contents

MkDir /Volumes/SN550-2T/freewind-demos/swift-var-constant-demo/build/out/Debug/swift_var_constant_demo.app/Contents/MacOS (in target 'swift_var_constant_demo' from project 'swift_var_constant_demo')
    cd /Volumes/SN550-2T/freewind-demos/swift-var-constant-demo
    /bin/mkdir -p /Volumes/SN550-2T/freewind-demos/swift-var-constant-demo/build/out/Debug/swift_var_constant_demo.app/Contents/MacOS

MkDir /Volumes/SN550-2T/freewind-demos/swift-var-constant-demo/build/out/Debug/swift_var_constant_demo.app (in target 'swift_var_constant_demo' from project 'swift_var_constant_demo')
    cd /Volumes/SN550-2T/freewind-demos/swift-var-constant-demo
    /bin/mkdir -p /Volumes/SN550-2T/freewind-demos/swift-var-constant-demo/build/out/Debug/swift_var_constant_demo.app

ProcessProductPackaging "" /Volumes/SN550-2T/freewind-demos/swift-var-constant-demo/build/out/DerivedData/Build/Intermediates.noindex/swift_var_constant_demo.build/Debug/swift_var_constant_demo.build/swift_var_constant_demo.app.xcent (in target 'swift_var_constant_demo' from project 'swift_var_constant_demo')
    cd /Volumes/SN550-2T/freewind-demos/swift-var-constant-demo
    
    Entitlements:
    
    {
    "com.apple.security.get-task-allow" = 1;
}
    
    builtin-productPackagingUtility -entitlements -format xml -o /Volumes/SN550-2T/freewind-demos/swift-var-constant-demo/build/out/DerivedData/Build/Intermediates.noindex/swift_var_constant_demo.build/Debug/swift_var_constant_demo.build/swift_var_constant_demo.app.xcent

ProcessProductPackagingDER /Volumes/SN550-2T/freewind-demos/swift-var-constant-demo/build/out/DerivedData/Build/Intermediates.noindex/swift_var_constant_demo.build/Debug/swift_var_constant_demo.build/swift_var_constant_demo.app.xcent /Volumes/SN550-2T/freewind-demos/swift-var-constant-demo/build/out/DerivedData/Build/Intermediates.noindex/swift_var_constant_demo.build/Debug/swift_var_constant_demo.build/swift_var_constant_demo.app.xcent.der (in target 'swift_var_constant_demo' from project 'swift_var_constant_demo')
    cd /Volumes/SN550-2T/freewind-demos/swift-var-constant-demo
    /usr/bin/derq query -f xml -i /Volumes/SN550-2T/freewind-demos/swift-var-constant-demo/build/out/DerivedData/Build/Intermediates.noindex/swift_var_constant_demo.build/Debug/swift_var_constant_demo.build/swift_var_constant_demo.app.xcent -o /Volumes/SN550-2T/freewind-demos/swift-var-constant-demo/build/out/DerivedData/Build/Intermediates.noindex/swift_var_constant_demo.build/Debug/swift_var_constant_demo.build/swift_var_constant_demo.app.xcent.der --raw

Ld /Volumes/SN550-2T/freewind-demos/swift-var-constant-demo/build/out/Debug/swift_var_constant_demo.app/Contents/MacOS/__preview.dylib normal (in target 'swift_var_constant_demo' from project 'swift_var_constant_demo')
    cd /Volumes/SN550-2T/freewind-demos/swift-var-constant-demo
    /Applications/Xcode.app/Contents/Developer/Toolchains/XcodeDefault.xctoolchain/usr/bin/clang -Xlinker -reproducible -target x86_64-apple-macos14.0 -dynamiclib -isysroot /Applications/Xcode.app/Contents/Developer/Platforms/MacOSX.platform/Developer/SDKs/MacOSX26.2.sdk -O0 -L/Volumes/SN550-2T/freewind-demos/swift-var-constant-demo/build/out/Debug -F/Volumes/SN550-2T/freewind-demos/swift-var-constant-demo/build/out/Debug -install_name @rpath/swift_var_constant_demo.debug.dylib -rdynamic -Xlinker -no_deduplicate -Xlinker -dependency_info -Xlinker /Volumes/SN550-2T/freewind-demos/swift-var-constant-demo/build/out/DerivedData/Build/Intermediates.noindex/swift_var_constant_demo.build/Debug/swift_var_constant_demo.build/Objects-normal/x86_64/swift_var_constant_demo_dependency_info.dat -Xlinker -no_adhoc_codesign -o /Volumes/SN550-2T/freewind-demos/swift-var-constant-demo/build/out/Debug/swift_var_constant_demo.app/Contents/MacOS/__preview.dylib

ProcessInfoPlistFile /Volumes/SN550-2T/freewind-demos/swift-var-constant-demo/build/out/Debug/swift_var_constant_demo.app/Contents/Info.plist /Volumes/SN550-2T/freewind-demos/swift-var-constant-demo/build/out/DerivedData/Build/Intermediates.noindex/swift_var_constant_demo.build/Debug/swift_var_constant_demo.build/empty-swift_var_constant_demo.plist (in target 'swift_var_constant_demo' from project 'swift_var_constant_demo')
    cd /Volumes/SN550-2T/freewind-demos/swift-var-constant-demo
    builtin-infoPlistUtility /Volumes/SN550-2T/freewind-demos/swift-var-constant-demo/build/out/DerivedData/Build/Intermediates.noindex/swift_var_constant_demo.build/Debug/swift_var_constant_demo.build/empty-swift_var_constant_demo.plist -producttype com.apple.product-type.application -genpkginfo /Volumes/SN550-2T/freewind-demos/swift-var-constant-demo/build/out/Debug/swift_var_constant_demo.app/Contents/PkgInfo -expandbuildsettings -platform macosx -o /Volumes/SN550-2T/freewind-demos/swift-var-constant-demo/build/out/Debug/swift_var_constant_demo.app/Contents/Info.plist

SwiftDriver swift_var_constant_demo normal x86_64 com.apple.xcode.tools.swift.compiler (in target 'swift_var_constant_demo' from project 'swift_var_constant_demo')
    cd /Volumes/SN550-2T/freewind-demos/swift-var-constant-demo
    builtin-SwiftDriver -- /Applications/Xcode.app/Contents/Developer/Toolchains/XcodeDefault.xctoolchain/usr/bin/swiftc -module-name swift_var_constant_demo -Onone -enforce-exclusivity\=checked @/Volumes/SN550-2T/freewind-demos/swift-var-constant-demo/build/out/DerivedData/Build/Intermediates.noindex/swift_var_constant_demo.build/Debug/swift_var_constant_demo.build/Objects-normal/x86_64/swift_var_constant_demo.SwiftFileList -DDEBUG -enable-bare-slash-regex -enable-experimental-feature DebugDescriptionMacro -sdk /Applications/Xcode.app/Contents/Developer/Platforms/MacOSX.platform/Developer/SDKs/MacOSX26.2.sdk -target x86_64-apple-macos14.0 -g -module-cache-path /Volumes/SN550-2T/freewind-demos/swift-var-constant-demo/build/out/DerivedData/ModuleCache.noindex -Xfrontend -serialize-debugging-options -enable-testing -index-store-path /Volumes/SN550-2T/freewind-demos/swift-var-constant-demo/build/out/DerivedData/Index.noindex/DataStore -Xcc -D_LIBCPP_HARDENING_MODE\=_LIBCPP_HARDENING_MODE_DEBUG -swift-version 5 -I /Volumes/SN550-2T/freewind-demos/swift-var-constant-demo/build/out/Debug -F /Volumes/SN550-2T/freewind-demos/swift-var-constant-demo/build/out/Debug -c -j12 -enable-batch-mode -incremental -Xcc -ivfsstatcache -Xcc /Volumes/SN550-2T/freewind-demos/swift-var-constant-demo/build/out/DerivedData/SDKStatCaches.noindex/macosx26.2-25C58-00fa09913b459cbbc988d1f6730289ae.sdkstatcache -output-file-map /Volumes/SN550-2T/freewind-demos/swift-var-constant-demo/build/out/DerivedData/Build/Intermediates.noindex/swift_var_constant_demo.build/Debug/swift_var_constant_demo.build/Objects-normal/x86_64/swift_var_constant_demo-OutputFileMap.json -use-frontend-parseable-output -save-temps -no-color-diagnostics -explicit-module-build -module-cache-path /Volumes/SN550-2T/freewind-demos/swift-var-constant-demo/build/out/DerivedData/Build/Intermediates.noindex/SwiftExplicitPrecompiledModules -clang-scanner-module-cache-path /Volumes/SN550-2T/freewind-demos/swift-var-constant-demo/build/out/DerivedData/ModuleCache.noindex -sdk-module-cache-path /Volumes/SN550-2T/freewind-demos/swift-var-constant-demo/build/out/DerivedData/ModuleCache.noindex -serialize-diagnostics -emit-dependencies -emit-module -emit-module-path /Volumes/SN550-2T/freewind-demos/swift-var-constant-demo/build/out/DerivedData/Build/Intermediates.noindex/swift_var_constant_demo.build/Debug/swift_var_constant_demo.build/Objects-normal/x86_64/swift_var_constant_demo.swiftmodule -validate-clang-modules-once -clang-build-session-file /Volumes/SN550-2T/freewind-demos/swift-var-constant-demo/build/out/DerivedData/ModuleCache.noindex/Session.modulevalidation -Xcc -I/Volumes/SN550-2T/freewind-demos/swift-var-constant-demo/build/out/DerivedData/Build/Intermediates.noindex/swift_var_constant_demo.build/Debug/swift_var_constant_demo.build/swift-overrides.hmap -emit-const-values -Xfrontend -const-gather-protocols-file -Xfrontend /Volumes/SN550-2T/freewind-demos/swift-var-constant-demo/build/out/DerivedData/Build/Intermediates.noindex/swift_var_constant_demo.build/Debug/swift_var_constant_demo.build/Objects-normal/x86_64/swift_var_constant_demo_const_extract_protocols.json -Xcc -iquote -Xcc /Volumes/SN550-2T/freewind-demos/swift-var-constant-demo/build/out/DerivedData/Build/Intermediates.noindex/swift_var_constant_demo.build/Debug/swift_var_constant_demo.build/swift_var_constant_demo-generated-files.hmap -Xcc -I/Volumes/SN550-2T/freewind-demos/swift-var-constant-demo/build/out/DerivedData/Build/Intermediates.noindex/swift_var_constant_demo.build/Debug/swift_var_constant_demo.build/swift_var_constant_demo-own-target-headers.hmap -Xcc -I/Volumes/SN550-2T/freewind-demos/swift-var-constant-demo/build/out/DerivedData/Build/Intermediates.noindex/swift_var_constant_demo.build/Debug/swift_var_constant_demo.build/swift_var_constant_demo-all-target-headers.hmap -Xcc -iquote -Xcc /Volumes/SN550-2T/freewind-demos/swift-var-constant-demo/build/out/DerivedData/Build/Intermediates.noindex/swift_var_constant_demo.build/Debug/swift_var_constant_demo.build/swift_var_constant_demo-project-headers.hmap -Xcc -I/Volumes/SN550-2T/freewind-demos/swift-var-constant-demo/build/out/Debug/include -Xcc -I/Volumes/SN550-2T/freewind-demos/swift-var-constant-demo/build/out/DerivedData/Build/Intermediates.noindex/swift_var_constant_demo.build/Debug/swift_var_constant_demo.build/DerivedSources-normal/x86_64 -Xcc -I/Volumes/SN550-2T/freewind-demos/swift-var-constant-demo/build/out/DerivedData/Build/Intermediates.noindex/swift_var_constant_demo.build/Debug/swift_var_constant_demo.build/DerivedSources/x86_64 -Xcc -I/Volumes/SN550-2T/freewind-demos/swift-var-constant-demo/build/out/DerivedData/Build/Intermediates.noindex/swift_var_constant_demo.build/Debug/swift_var_constant_demo.build/DerivedSources -Xcc -DDEBUG\=1 -emit-objc-header -emit-objc-header-path /Volumes/SN550-2T/freewind-demos/swift-var-constant-demo/build/out/DerivedData/Build/Intermediates.noindex/swift_var_constant_demo.build/Debug/swift_var_constant_demo.build/Objects-normal/x86_64/swift_var_constant_demo-Swift.h -working-directory /Volumes/SN550-2T/freewind-demos/swift-var-constant-demo -experimental-emit-module-separately -disable-cmo

SwiftExplicitDependencyGeneratePcm x86_64 /Volumes/SN550-2T/freewind-demos/swift-var-constant-demo/build/out/DerivedData/ModuleCache.noindex/_SwiftConcurrencyShims-4089Y0AOVO29H6Q8DX2PQCNQP.pcm

SwiftExplicitDependencyGeneratePcm x86_64 /Volumes/SN550-2T/freewind-demos/swift-var-constant-demo/build/out/DerivedData/ModuleCache.noindex/SwiftShims-E2VFDU3U51VZJEVHUCRZVK0C9.pcm

SwiftEmitModule normal x86_64 Emitting\ module\ for\ swift_var_constant_demo (in target 'swift_var_constant_demo' from project 'swift_var_constant_demo')

SwiftCompile normal x86_64 /Volumes/SN550-2T/freewind-demos/swift-var-constant-demo/Sources/main.swift (in target 'swift_var_constant_demo' from project 'swift_var_constant_demo')
    cd /Volumes/SN550-2T/freewind-demos/swift-var-constant-demo
    

SwiftCompile normal x86_64 Compiling\ main.swift /Volumes/SN550-2T/freewind-demos/swift-var-constant-demo/Sources/main.swift (in target 'swift_var_constant_demo' from project 'swift_var_constant_demo')
SwiftCompile normal x86_64 /Volumes/SN550-2T/freewind-demos/swift-var-constant-demo/Sources/main.swift (in target 'swift_var_constant_demo' from project 'swift_var_constant_demo')
    cd /Volumes/SN550-2T/freewind-demos/swift-var-constant-demo
    

SwiftDriverJobDiscovery normal x86_64 Emitting module for swift_var_constant_demo (in target 'swift_var_constant_demo' from project 'swift_var_constant_demo')

SwiftDriver\ Compilation\ Requirements swift_var_constant_demo normal x86_64 com.apple.xcode.tools.swift.compiler (in target 'swift_var_constant_demo' from project 'swift_var_constant_demo')
    cd /Volumes/SN550-2T/freewind-demos/swift-var-constant-demo
    builtin-Swift-Compilation-Requirements -- /Applications/Xcode.app/Contents/Developer/Toolchains/XcodeDefault.xctoolchain/usr/bin/swiftc -module-name swift_var_constant_demo -Onone -enforce-exclusivity\=checked @/Volumes/SN550-2T/freewind-demos/swift-var-constant-demo/build/out/DerivedData/Build/Intermediates.noindex/swift_var_constant_demo.build/Debug/swift_var_constant_demo.build/Objects-normal/x86_64/swift_var_constant_demo.SwiftFileList -DDEBUG -enable-bare-slash-regex -enable-experimental-feature DebugDescriptionMacro -sdk /Applications/Xcode.app/Contents/Developer/Platforms/MacOSX.platform/Developer/SDKs/MacOSX26.2.sdk -target x86_64-apple-macos14.0 -g -module-cache-path /Volumes/SN550-2T/freewind-demos/swift-var-constant-demo/build/out/DerivedData/ModuleCache.noindex -Xfrontend -serialize-debugging-options -enable-testing -index-store-path /Volumes/SN550-2T/freewind-demos/swift-var-constant-demo/build/out/DerivedData/Index.noindex/DataStore -Xcc -D_LIBCPP_HARDENING_MODE\=_LIBCPP_HARDENING_MODE_DEBUG -swift-version 5 -I /Volumes/SN550-2T/freewind-demos/swift-var-constant-demo/build/out/Debug -F /Volumes/SN550-2T/freewind-demos/swift-var-constant-demo/build/out/Debug -c -j12 -enable-batch-mode -incremental -Xcc -ivfsstatcache -Xcc /Volumes/SN550-2T/freewind-demos/swift-var-constant-demo/build/out/DerivedData/SDKStatCaches.noindex/macosx26.2-25C58-00fa09913b459cbbc988d1f6730289ae.sdkstatcache -output-file-map /Volumes/SN550-2T/freewind-demos/swift-var-constant-demo/build/out/DerivedData/Build/Intermediates.noindex/swift_var_constant_demo.build/Debug/swift_var_constant_demo.build/Objects-normal/x86_64/swift_var_constant_demo-OutputFileMap.json -use-frontend-parseable-output -save-temps -no-color-diagnostics -explicit-module-build -module-cache-path /Volumes/SN550-2T/freewind-demos/swift-var-constant-demo/build/out/DerivedData/Build/Intermediates.noindex/SwiftExplicitPrecompiledModules -clang-scanner-module-cache-path /Volumes/SN550-2T/freewind-demos/swift-var-constant-demo/build/out/DerivedData/ModuleCache.noindex -sdk-module-cache-path /Volumes/SN550-2T/freewind-demos/swift-var-constant-demo/build/out/DerivedData/ModuleCache.noindex -serialize-diagnostics -emit-dependencies -emit-module -emit-module-path /Volumes/SN550-2T/freewind-demos/swift-var-constant-demo/build/out/DerivedData/Build/Intermediates.noindex/swift_var_constant_demo.build/Debug/swift_var_constant_demo.build/Objects-normal/x86_64/swift_var_constant_demo.swiftmodule -validate-clang-modules-once -clang-build-session-file /Volumes/SN550-2T/freewind-demos/swift-var-constant-demo/build/out/DerivedData/ModuleCache.noindex/Session.modulevalidation -Xcc -I/Volumes/SN550-2T/freewind-demos/swift-var-constant-demo/build/out/DerivedData/Build/Intermediates.noindex/swift_var_constant_demo.build/Debug/swift_var_constant_demo.build/swift-overrides.hmap -emit-const-values -Xfrontend -const-gather-protocols-file -Xfrontend /Volumes/SN550-2T/freewind-demos/swift-var-constant-demo/build/out/DerivedData/Build/Intermediates.noindex/swift_var_constant_demo.build/Debug/swift_var_constant_demo.build/Objects-normal/x86_64/swift_var_constant_demo_const_extract_protocols.json -Xcc -iquote -Xcc /Volumes/SN550-2T/freewind-demos/swift-var-constant-demo/build/out/DerivedData/Build/Intermediates.noindex/swift_var_constant_demo.build/Debug/swift_var_constant_demo.build/swift_var_constant_demo-generated-files.hmap -Xcc -I/Volumes/SN550-2T/freewind-demos/swift-var-constant-demo/build/out/DerivedData/Build/Intermediates.noindex/swift_var_constant_demo.build/Debug/swift_var_constant_demo.build/swift_var_constant_demo-own-target-headers.hmap -Xcc -I/Volumes/SN550-2T/freewind-demos/swift-var-constant-demo/build/out/DerivedData/Build/Intermediates.noindex/swift_var_constant_demo.build/Debug/swift_var_constant_demo.build/swift_var_constant_demo-all-target-headers.hmap -Xcc -iquote -Xcc /Volumes/SN550-2T/freewind-demos/swift-var-constant-demo/build/out/DerivedData/Build/Intermediates.noindex/swift_var_constant_demo.build/Debug/swift_var_constant_demo.build/swift_var_constant_demo-project-headers.hmap -Xcc -I/Volumes/SN550-2T/freewind-demos/swift-var-constant-demo/build/out/Debug/include -Xcc -I/Volumes/SN550-2T/freewind-demos/swift-var-constant-demo/build/out/DerivedData/Build/Intermediates.noindex/swift_var_constant_demo.build/Debug/swift_var_constant_demo.build/DerivedSources-normal/x86_64 -Xcc -I/Volumes/SN550-2T/freewind-demos/swift-var-constant-demo/build/out/DerivedData/Build/Intermediates.noindex/swift_var_constant_demo.build/Debug/swift_var_constant_demo.build/DerivedSources/x86_64 -Xcc -I/Volumes/SN550-2T/freewind-demos/swift-var-constant-demo/build/out/DerivedData/Build/Intermediates.noindex/swift_var_constant_demo.build/Debug/swift_var_constant_demo.build/DerivedSources -Xcc -DDEBUG\=1 -emit-objc-header -emit-objc-header-path /Volumes/SN550-2T/freewind-demos/swift-var-constant-demo/build/out/DerivedData/Build/Intermediates.noindex/swift_var_constant_demo.build/Debug/swift_var_constant_demo.build/Objects-normal/x86_64/swift_var_constant_demo-Swift.h -working-directory /Volumes/SN550-2T/freewind-demos/swift-var-constant-demo -experimental-emit-module-separately -disable-cmo

SwiftMergeGeneratedHeaders /Volumes/SN550-2T/freewind-demos/swift-var-constant-demo/build/out/DerivedData/Build/Intermediates.noindex/swift_var_constant_demo.build/Debug/swift_var_constant_demo.build/DerivedSources/swift_var_constant_demo-Swift.h /Volumes/SN550-2T/freewind-demos/swift-var-constant-demo/build/out/DerivedData/Build/Intermediates.noindex/swift_var_constant_demo.build/Debug/swift_var_constant_demo.build/Objects-normal/x86_64/swift_var_constant_demo-Swift.h (in target 'swift_var_constant_demo' from project 'swift_var_constant_demo')
    cd /Volumes/SN550-2T/freewind-demos/swift-var-constant-demo
    builtin-swiftHeaderTool -arch x86_64 /Volumes/SN550-2T/freewind-demos/swift-var-constant-demo/build/out/DerivedData/Build/Intermediates.noindex/swift_var_constant_demo.build/Debug/swift_var_constant_demo.build/Objects-normal/x86_64/swift_var_constant_demo-Swift.h -o /Volumes/SN550-2T/freewind-demos/swift-var-constant-demo/build/out/DerivedData/Build/Intermediates.noindex/swift_var_constant_demo.build/Debug/swift_var_constant_demo.build/DerivedSources/swift_var_constant_demo-Swift.h

Copy /Volumes/SN550-2T/freewind-demos/swift-var-constant-demo/build/out/Debug/swift_var_constant_demo.swiftmodule/x86_64-apple-macos.swiftdoc /Volumes/SN550-2T/freewind-demos/swift-var-constant-demo/build/out/DerivedData/Build/Intermediates.noindex/swift_var_constant_demo.build/Debug/swift_var_constant_demo.build/Objects-normal/x86_64/swift_var_constant_demo.swiftdoc (in target 'swift_var_constant_demo' from project 'swift_var_constant_demo')
    cd /Volumes/SN550-2T/freewind-demos/swift-var-constant-demo
    builtin-copy -exclude .DS_Store -exclude CVS -exclude .svn -exclude .git -exclude .hg -resolve-src-symlinks -rename /Volumes/SN550-2T/freewind-demos/swift-var-constant-demo/build/out/DerivedData/Build/Intermediates.noindex/swift_var_constant_demo.build/Debug/swift_var_constant_demo.build/Objects-normal/x86_64/swift_var_constant_demo.swiftdoc /Volumes/SN550-2T/freewind-demos/swift-var-constant-demo/build/out/Debug/swift_var_constant_demo.swiftmodule/x86_64-apple-macos.swiftdoc

Copy /Volumes/SN550-2T/freewind-demos/swift-var-constant-demo/build/out/Debug/swift_var_constant_demo.swiftmodule/x86_64-apple-macos.swiftmodule /Volumes/SN550-2T/freewind-demos/swift-var-constant-demo/build/out/DerivedData/Build/Intermediates.noindex/swift_var_constant_demo.build/Debug/swift_var_constant_demo.build/Objects-normal/x86_64/swift_var_constant_demo.swiftmodule (in target 'swift_var_constant_demo' from project 'swift_var_constant_demo')
    cd /Volumes/SN550-2T/freewind-demos/swift-var-constant-demo
    builtin-copy -exclude .DS_Store -exclude CVS -exclude .svn -exclude .git -exclude .hg -resolve-src-symlinks -rename /Volumes/SN550-2T/freewind-demos/swift-var-constant-demo/build/out/DerivedData/Build/Intermediates.noindex/swift_var_constant_demo.build/Debug/swift_var_constant_demo.build/Objects-normal/x86_64/swift_var_constant_demo.swiftmodule /Volumes/SN550-2T/freewind-demos/swift-var-constant-demo/build/out/Debug/swift_var_constant_demo.swiftmodule/x86_64-apple-macos.swiftmodule

Copy /Volumes/SN550-2T/freewind-demos/swift-var-constant-demo/build/out/Debug/swift_var_constant_demo.swiftmodule/x86_64-apple-macos.abi.json /Volumes/SN550-2T/freewind-demos/swift-var-constant-demo/build/out/DerivedData/Build/Intermediates.noindex/swift_var_constant_demo.build/Debug/swift_var_constant_demo.build/Objects-normal/x86_64/swift_var_constant_demo.abi.json (in target 'swift_var_constant_demo' from project 'swift_var_constant_demo')
    cd /Volumes/SN550-2T/freewind-demos/swift-var-constant-demo
    builtin-copy -exclude .DS_Store -exclude CVS -exclude .svn -exclude .git -exclude .hg -resolve-src-symlinks -rename /Volumes/SN550-2T/freewind-demos/swift-var-constant-demo/build/out/DerivedData/Build/Intermediates.noindex/swift_var_constant_demo.build/Debug/swift_var_constant_demo.build/Objects-normal/x86_64/swift_var_constant_demo.abi.json /Volumes/SN550-2T/freewind-demos/swift-var-constant-demo/build/out/Debug/swift_var_constant_demo.swiftmodule/x86_64-apple-macos.abi.json

Copy /Volumes/SN550-2T/freewind-demos/swift-var-constant-demo/build/out/Debug/swift_var_constant_demo.swiftmodule/Project/x86_64-apple-macos.swiftsourceinfo /Volumes/SN550-2T/freewind-demos/swift-var-constant-demo/build/out/DerivedData/Build/Intermediates.noindex/swift_var_constant_demo.build/Debug/swift_var_constant_demo.build/Objects-normal/x86_64/swift_var_constant_demo.swiftsourceinfo (in target 'swift_var_constant_demo' from project 'swift_var_constant_demo')
    cd /Volumes/SN550-2T/freewind-demos/swift-var-constant-demo
    builtin-copy -exclude .DS_Store -exclude CVS -exclude .svn -exclude .git -exclude .hg -resolve-src-symlinks -rename /Volumes/SN550-2T/freewind-demos/swift-var-constant-demo/build/out/DerivedData/Build/Intermediates.noindex/swift_var_constant_demo.build/Debug/swift_var_constant_demo.build/Objects-normal/x86_64/swift_var_constant_demo.swiftsourceinfo /Volumes/SN550-2T/freewind-demos/swift-var-constant-demo/build/out/Debug/swift_var_constant_demo.swiftmodule/Project/x86_64-apple-macos.swiftsourceinfo

SwiftDriverJobDiscovery normal x86_64 Compiling main.swift (in target 'swift_var_constant_demo' from project 'swift_var_constant_demo')

SwiftDriver\ Compilation swift_var_constant_demo normal x86_64 com.apple.xcode.tools.swift.compiler (in target 'swift_var_constant_demo' from project 'swift_var_constant_demo')
    cd /Volumes/SN550-2T/freewind-demos/swift-var-constant-demo
    builtin-Swift-Compilation -- /Applications/Xcode.app/Contents/Developer/Toolchains/XcodeDefault.xctoolchain/usr/bin/swiftc -module-name swift_var_constant_demo -Onone -enforce-exclusivity\=checked @/Volumes/SN550-2T/freewind-demos/swift-var-constant-demo/build/out/DerivedData/Build/Intermediates.noindex/swift_var_constant_demo.build/Debug/swift_var_constant_demo.build/Objects-normal/x86_64/swift_var_constant_demo.SwiftFileList -DDEBUG -enable-bare-slash-regex -enable-experimental-feature DebugDescriptionMacro -sdk /Applications/Xcode.app/Contents/Developer/Platforms/MacOSX.platform/Developer/SDKs/MacOSX26.2.sdk -target x86_64-apple-macos14.0 -g -module-cache-path /Volumes/SN550-2T/freewind-demos/swift-var-constant-demo/build/out/DerivedData/ModuleCache.noindex -Xfrontend -serialize-debugging-options -enable-testing -index-store-path /Volumes/SN550-2T/freewind-demos/swift-var-constant-demo/build/out/DerivedData/Index.noindex/DataStore -Xcc -D_LIBCPP_HARDENING_MODE\=_LIBCPP_HARDENING_MODE_DEBUG -swift-version 5 -I /Volumes/SN550-2T/freewind-demos/swift-var-constant-demo/build/out/Debug -F /Volumes/SN550-2T/freewind-demos/swift-var-constant-demo/build/out/Debug -c -j12 -enable-batch-mode -incremental -Xcc -ivfsstatcache -Xcc /Volumes/SN550-2T/freewind-demos/swift-var-constant-demo/build/out/DerivedData/SDKStatCaches.noindex/macosx26.2-25C58-00fa09913b459cbbc988d1f6730289ae.sdkstatcache -output-file-map /Volumes/SN550-2T/freewind-demos/swift-var-constant-demo/build/out/DerivedData/Build/Intermediates.noindex/swift_var_constant_demo.build/Debug/swift_var_constant_demo.build/Objects-normal/x86_64/swift_var_constant_demo-OutputFileMap.json -use-frontend-parseable-output -save-temps -no-color-diagnostics -explicit-module-build -module-cache-path /Volumes/SN550-2T/freewind-demos/swift-var-constant-demo/build/out/DerivedData/Build/Intermediates.noindex/SwiftExplicitPrecompiledModules -clang-scanner-module-cache-path /Volumes/SN550-2T/freewind-demos/swift-var-constant-demo/build/out/DerivedData/ModuleCache.noindex -sdk-module-cache-path /Volumes/SN550-2T/freewind-demos/swift-var-constant-demo/build/out/DerivedData/ModuleCache.noindex -serialize-diagnostics -emit-dependencies -emit-module -emit-module-path /Volumes/SN550-2T/freewind-demos/swift-var-constant-demo/build/out/DerivedData/Build/Intermediates.noindex/swift_var_constant_demo.build/Debug/swift_var_constant_demo.build/Objects-normal/x86_64/swift_var_constant_demo.swiftmodule -validate-clang-modules-once -clang-build-session-file /Volumes/SN550-2T/freewind-demos/swift-var-constant-demo/build/out/DerivedData/ModuleCache.noindex/Session.modulevalidation -Xcc -I/Volumes/SN550-2T/freewind-demos/swift-var-constant-demo/build/out/DerivedData/Build/Intermediates.noindex/swift_var_constant_demo.build/Debug/swift_var_constant_demo.build/swift-overrides.hmap -emit-const-values -Xfrontend -const-gather-protocols-file -Xfrontend /Volumes/SN550-2T/freewind-demos/swift-var-constant-demo/build/out/DerivedData/Build/Intermediates.noindex/swift_var_constant_demo.build/Debug/swift_var_constant_demo.build/Objects-normal/x86_64/swift_var_constant_demo_const_extract_protocols.json -Xcc -iquote -Xcc /Volumes/SN550-2T/freewind-demos/swift-var-constant-demo/build/out/DerivedData/Build/Intermediates.noindex/swift_var_constant_demo.build/Debug/swift_var_constant_demo.build/swift_var_constant_demo-generated-files.hmap -Xcc -I/Volumes/SN550-2T/freewind-demos/swift-var-constant-demo/build/out/DerivedData/Build/Intermediates.noindex/swift_var_constant_demo.build/Debug/swift_var_constant_demo.build/swift_var_constant_demo-own-target-headers.hmap -Xcc -I/Volumes/SN550-2T/freewind-demos/swift-var-constant-demo/build/out/DerivedData/Build/Intermediates.noindex/swift_var_constant_demo.build/Debug/swift_var_constant_demo.build/swift_var_constant_demo-all-target-headers.hmap -Xcc -iquote -Xcc /Volumes/SN550-2T/freewind-demos/swift-var-constant-demo/build/out/DerivedData/Build/Intermediates.noindex/swift_var_constant_demo.build/Debug/swift_var_constant_demo.build/swift_var_constant_demo-project-headers.hmap -Xcc -I/Volumes/SN550-2T/freewind-demos/swift-var-constant-demo/build/out/Debug/include -Xcc -I/Volumes/SN550-2T/freewind-demos/swift-var-constant-demo/build/out/DerivedData/Build/Intermediates.noindex/swift_var_constant_demo.build/Debug/swift_var_constant_demo.build/DerivedSources-normal/x86_64 -Xcc -I/Volumes/SN550-2T/freewind-demos/swift-var-constant-demo/build/out/DerivedData/Build/Intermediates.noindex/swift_var_constant_demo.build/Debug/swift_var_constant_demo.build/DerivedSources/x86_64 -Xcc -I/Volumes/SN550-2T/freewind-demos/swift-var-constant-demo/build/out/DerivedData/Build/Intermediates.noindex/swift_var_constant_demo.build/Debug/swift_var_constant_demo.build/DerivedSources -Xcc -DDEBUG\=1 -emit-objc-header -emit-objc-header-path /Volumes/SN550-2T/freewind-demos/swift-var-constant-demo/build/out/DerivedData/Build/Intermediates.noindex/swift_var_constant_demo.build/Debug/swift_var_constant_demo.build/Objects-normal/x86_64/swift_var_constant_demo-Swift.h -working-directory /Volumes/SN550-2T/freewind-demos/swift-var-constant-demo -experimental-emit-module-separately -disable-cmo

Ld /Volumes/SN550-2T/freewind-demos/swift-var-constant-demo/build/out/Debug/swift_var_constant_demo.app/Contents/MacOS/swift_var_constant_demo.debug.dylib normal (in target 'swift_var_constant_demo' from project 'swift_var_constant_demo')
    cd /Volumes/SN550-2T/freewind-demos/swift-var-constant-demo
    /Applications/Xcode.app/Contents/Developer/Toolchains/XcodeDefault.xctoolchain/usr/bin/clang -Xlinker -reproducible -target x86_64-apple-macos14.0 -dynamiclib -isysroot /Applications/Xcode.app/Contents/Developer/Platforms/MacOSX.platform/Developer/SDKs/MacOSX26.2.sdk -O0 -L/Volumes/SN550-2T/freewind-demos/swift-var-constant-demo/build/out/DerivedData/Build/Intermediates.noindex/EagerLinkingTBDs/Debug -L/Volumes/SN550-2T/freewind-demos/swift-var-constant-demo/build/out/Debug -F/Volumes/SN550-2T/freewind-demos/swift-var-constant-demo/build/out/DerivedData/Build/Intermediates.noindex/EagerLinkingTBDs/Debug -F/Volumes/SN550-2T/freewind-demos/swift-var-constant-demo/build/out/Debug -filelist /Volumes/SN550-2T/freewind-demos/swift-var-constant-demo/build/out/DerivedData/Build/Intermediates.noindex/swift_var_constant_demo.build/Debug/swift_var_constant_demo.build/Objects-normal/x86_64/swift_var_constant_demo.LinkFileList -install_name @rpath/swift_var_constant_demo.debug.dylib -Xlinker -rpath -Xlinker /usr/lib/swift -Xlinker -rpath -Xlinker @executable_path/../Frameworks -Xlinker -object_path_lto -Xlinker /Volumes/SN550-2T/freewind-demos/swift-var-constant-demo/build/out/DerivedData/Build/Intermediates.noindex/swift_var_constant_demo.build/Debug/swift_var_constant_demo.build/Objects-normal/x86_64/swift_var_constant_demo_lto.o -rdynamic -Xlinker -no_deduplicate -Xlinker -dependency_info -Xlinker /Volumes/SN550-2T/freewind-demos/swift-var-constant-demo/build/out/DerivedData/Build/Intermediates.noindex/swift_var_constant_demo.build/Debug/swift_var_constant_demo.build/Objects-normal/x86_64/swift_var_constant_demo_dependency_info.dat -fobjc-link-runtime -L/Applications/Xcode.app/Contents/Developer/Toolchains/XcodeDefault.xctoolchain/usr/lib/swift/macosx -L/usr/lib/swift -Xlinker -add_ast_path -Xlinker /Volumes/SN550-2T/freewind-demos/swift-var-constant-demo/build/out/DerivedData/Build/Intermediates.noindex/swift_var_constant_demo.build/Debug/swift_var_constant_demo.build/Objects-normal/x86_64/swift_var_constant_demo.swiftmodule @/Volumes/SN550-2T/freewind-demos/swift-var-constant-demo/build/out/DerivedData/Build/Intermediates.noindex/swift_var_constant_demo.build/Debug/swift_var_constant_demo.build/Objects-normal/x86_64/swift_var_constant_demo-linker-args.resp -Xlinker -alias -Xlinker _main -Xlinker ___debug_main_executable_dylib_entry_point -Xlinker -no_adhoc_codesign -o /Volumes/SN550-2T/freewind-demos/swift-var-constant-demo/build/out/Debug/swift_var_constant_demo.app/Contents/MacOS/swift_var_constant_demo.debug.dylib

ConstructStubExecutorLinkFileList /Volumes/SN550-2T/freewind-demos/swift-var-constant-demo/build/out/DerivedData/Build/Intermediates.noindex/swift_var_constant_demo.build/Debug/swift_var_constant_demo.build/swift_var_constant_demo-ExecutorLinkFileList-normal-x86_64.txt (in target 'swift_var_constant_demo' from project 'swift_var_constant_demo')
    cd /Volumes/SN550-2T/freewind-demos/swift-var-constant-demo
    construct-stub-executor-link-file-list /Volumes/SN550-2T/freewind-demos/swift-var-constant-demo/build/out/Debug/swift_var_constant_demo.app/Contents/MacOS/swift_var_constant_demo.debug.dylib /Applications/Xcode.app/Contents/Developer/Platforms/MacOSX.platform/Developer/usr/lib/libPreviewsJITStubExecutor_no_swift_entry_point.a /Applications/Xcode.app/Contents/Developer/Platforms/MacOSX.platform/Developer/usr/lib/libPreviewsJITStubExecutor.a --output /Volumes/SN550-2T/freewind-demos/swift-var-constant-demo/build/out/DerivedData/Build/Intermediates.noindex/swift_var_constant_demo.build/Debug/swift_var_constant_demo.build/swift_var_constant_demo-ExecutorLinkFileList-normal-x86_64.txt
note: Using stub executor library with Swift entry point. (in target 'swift_var_constant_demo' from project 'swift_var_constant_demo')

Ld /Volumes/SN550-2T/freewind-demos/swift-var-constant-demo/build/out/Debug/swift_var_constant_demo.app/Contents/MacOS/swift_var_constant_demo normal (in target 'swift_var_constant_demo' from project 'swift_var_constant_demo')
    cd /Volumes/SN550-2T/freewind-demos/swift-var-constant-demo
    /Applications/Xcode.app/Contents/Developer/Toolchains/XcodeDefault.xctoolchain/usr/bin/clang -Xlinker -reproducible -target x86_64-apple-macos14.0 -isysroot /Applications/Xcode.app/Contents/Developer/Platforms/MacOSX.platform/Developer/SDKs/MacOSX26.2.sdk -O0 -L/Volumes/SN550-2T/freewind-demos/swift-var-constant-demo/build/out/Debug -F/Volumes/SN550-2T/freewind-demos/swift-var-constant-demo/build/out/Debug -Xlinker -rpath -Xlinker @executable_path -Xlinker -rpath -Xlinker @executable_path/../Frameworks -rdynamic -Xlinker -no_deduplicate -e ___debug_blank_executor_main -Xlinker -sectcreate -Xlinker __TEXT -Xlinker __debug_dylib -Xlinker /Volumes/SN550-2T/freewind-demos/swift-var-constant-demo/build/out/DerivedData/Build/Intermediates.noindex/swift_var_constant_demo.build/Debug/swift_var_constant_demo.build/swift_var_constant_demo-DebugDylibPath-normal-x86_64.txt -Xlinker -sectcreate -Xlinker __TEXT -Xlinker __debug_instlnm -Xlinker /Volumes/SN550-2T/freewind-demos/swift-var-constant-demo/build/out/DerivedData/Build/Intermediates.noindex/swift_var_constant_demo.build/Debug/swift_var_constant_demo.build/swift_var_constant_demo-DebugDylibInstallName-normal-x86_64.txt -Xlinker -filelist -Xlinker /Volumes/SN550-2T/freewind-demos/swift-var-constant-demo/build/out/DerivedData/Build/Intermediates.noindex/swift_var_constant_demo.build/Debug/swift_var_constant_demo.build/swift_var_constant_demo-ExecutorLinkFileList-normal-x86_64.txt /Volumes/SN550-2T/freewind-demos/swift-var-constant-demo/build/out/Debug/swift_var_constant_demo.app/Contents/MacOS/swift_var_constant_demo.debug.dylib -Xlinker -no_adhoc_codesign -o /Volumes/SN550-2T/freewind-demos/swift-var-constant-demo/build/out/Debug/swift_var_constant_demo.app/Contents/MacOS/swift_var_constant_demo

CopySwiftLibs /Volumes/SN550-2T/freewind-demos/swift-var-constant-demo/build/out/Debug/swift_var_constant_demo.app (in target 'swift_var_constant_demo' from project 'swift_var_constant_demo')
    cd /Volumes/SN550-2T/freewind-demos/swift-var-constant-demo
    builtin-swiftStdLibTool --copy --verbose --sign - --scan-executable /Volumes/SN550-2T/freewind-demos/swift-var-constant-demo/build/out/Debug/swift_var_constant_demo.app/Contents/MacOS/swift_var_constant_demo.debug.dylib --scan-folder /Volumes/SN550-2T/freewind-demos/swift-var-constant-demo/build/out/Debug/swift_var_constant_demo.app/Contents/Frameworks --scan-folder /Volumes/SN550-2T/freewind-demos/swift-var-constant-demo/build/out/Debug/swift_var_constant_demo.app/Contents/PlugIns --scan-folder /Volumes/SN550-2T/freewind-demos/swift-var-constant-demo/build/out/Debug/swift_var_constant_demo.app/Contents/Library/SystemExtensions --scan-folder /Volumes/SN550-2T/freewind-demos/swift-var-constant-demo/build/out/Debug/swift_var_constant_demo.app/Contents/Extensions --platform macosx --toolchain /Applications/Xcode.app/Contents/Developer/Toolchains/XcodeDefault.xctoolchain --destination /Volumes/SN550-2T/freewind-demos/swift-var-constant-demo/build/out/Debug/swift_var_constant_demo.app/Contents/Frameworks --strip-bitcode --strip-bitcode-tool /Applications/Xcode.app/Contents/Developer/Toolchains/XcodeDefault.xctoolchain/usr/bin/bitcode_strip --emit-dependency-info /Volumes/SN550-2T/freewind-demos/swift-var-constant-demo/build/out/DerivedData/Build/Intermediates.noindex/swift_var_constant_demo.build/Debug/swift_var_constant_demo.build/SwiftStdLibToolInputDependencies.dep --filter-for-swift-os --back-deploy-swift-span

ExtractAppIntentsMetadata (in target 'swift_var_constant_demo' from project 'swift_var_constant_demo')
    cd /Volumes/SN550-2T/freewind-demos/swift-var-constant-demo
    /Applications/Xcode.app/Contents/Developer/Toolchains/XcodeDefault.xctoolchain/usr/bin/appintentsmetadataprocessor --toolchain-dir /Applications/Xcode.app/Contents/Developer/Toolchains/XcodeDefault.xctoolchain --module-name swift_var_constant_demo --sdk-root /Applications/Xcode.app/Contents/Developer/Platforms/MacOSX.platform/Developer/SDKs/MacOSX26.2.sdk --xcode-version 17C529 --platform-family macOS --deployment-target 14.0 --bundle-identifier com.freewind.swiftvarconstantdemo --output /Volumes/SN550-2T/freewind-demos/swift-var-constant-demo/build/out/Debug/swift_var_constant_demo.app/Contents/Resources --target-triple x86_64-apple-macos14.0 --binary-file /Volumes/SN550-2T/freewind-demos/swift-var-constant-demo/build/out/Debug/swift_var_constant_demo.app/Contents/MacOS/swift_var_constant_demo --dependency-file /Volumes/SN550-2T/freewind-demos/swift-var-constant-demo/build/out/DerivedData/Build/Intermediates.noindex/swift_var_constant_demo.build/Debug/swift_var_constant_demo.build/Objects-normal/x86_64/swift_var_constant_demo_dependency_info.dat --stringsdata-file /Volumes/SN550-2T/freewind-demos/swift-var-constant-demo/build/out/DerivedData/Build/Intermediates.noindex/swift_var_constant_demo.build/Debug/swift_var_constant_demo.build/Objects-normal/x86_64/ExtractedAppShortcutsMetadata.stringsdata --source-file-list /Volumes/SN550-2T/freewind-demos/swift-var-constant-demo/build/out/DerivedData/Build/Intermediates.noindex/swift_var_constant_demo.build/Debug/swift_var_constant_demo.build/Objects-normal/x86_64/swift_var_constant_demo.SwiftFileList --metadata-file-list /Volumes/SN550-2T/freewind-demos/swift-var-constant-demo/build/out/DerivedData/Build/Intermediates.noindex/swift_var_constant_demo.build/Debug/swift_var_constant_demo.build/swift_var_constant_demo.DependencyMetadataFileList --static-metadata-file-list /Volumes/SN550-2T/freewind-demos/swift-var-constant-demo/build/out/DerivedData/Build/Intermediates.noindex/swift_var_constant_demo.build/Debug/swift_var_constant_demo.build/swift_var_constant_demo.DependencyStaticMetadataFileList --swift-const-vals-list /Volumes/SN550-2T/freewind-demos/swift-var-constant-demo/build/out/DerivedData/Build/Intermediates.noindex/swift_var_constant_demo.build/Debug/swift_var_constant_demo.build/Objects-normal/x86_64/swift_var_constant_demo.SwiftConstValuesFileList --compile-time-extraction --deployment-aware-processing --validate-assistant-intents --no-app-shortcuts-localization
2026-05-19 16:08:02.373 appintentsmetadataprocessor[96486:3408158] Starting appintentsmetadataprocessor export
2026-05-19 16:08:02.375 appintentsmetadataprocessor[96486:3408158] warning: Metadata extraction skipped. No AppIntents.framework dependency found.

CodeSign /Volumes/SN550-2T/freewind-demos/swift-var-constant-demo/build/out/Debug/swift_var_constant_demo.app/Contents/MacOS/swift_var_constant_demo.debug.dylib (in target 'swift_var_constant_demo' from project 'swift_var_constant_demo')
    cd /Volumes/SN550-2T/freewind-demos/swift-var-constant-demo
    
    Signing Identity:     "Sign to Run Locally"
    
    /usr/bin/codesign --force --sign - --timestamp\=none --generate-entitlement-der /Volumes/SN550-2T/freewind-demos/swift-var-constant-demo/build/out/Debug/swift_var_constant_demo.app/Contents/MacOS/swift_var_constant_demo.debug.dylib

CodeSign /Volumes/SN550-2T/freewind-demos/swift-var-constant-demo/build/out/Debug/swift_var_constant_demo.app/Contents/MacOS/__preview.dylib (in target 'swift_var_constant_demo' from project 'swift_var_constant_demo')
    cd /Volumes/SN550-2T/freewind-demos/swift-var-constant-demo
    
    Signing Identity:     "Sign to Run Locally"
    
    /usr/bin/codesign --force --sign - --timestamp\=none --generate-entitlement-der /Volumes/SN550-2T/freewind-demos/swift-var-constant-demo/build/out/Debug/swift_var_constant_demo.app/Contents/MacOS/__preview.dylib

CodeSign /Volumes/SN550-2T/freewind-demos/swift-var-constant-demo/build/out/Debug/swift_var_constant_demo.app (in target 'swift_var_constant_demo' from project 'swift_var_constant_demo')
    cd /Volumes/SN550-2T/freewind-demos/swift-var-constant-demo
    
    Signing Identity:     "Sign to Run Locally"
    
    /usr/bin/codesign --force --sign - --entitlements /Volumes/SN550-2T/freewind-demos/swift-var-constant-demo/build/out/DerivedData/Build/Intermediates.noindex/swift_var_constant_demo.build/Debug/swift_var_constant_demo.build/swift_var_constant_demo.app.xcent --timestamp\=none --generate-entitlement-der /Volumes/SN550-2T/freewind-demos/swift-var-constant-demo/build/out/Debug/swift_var_constant_demo.app

RegisterExecutionPolicyException /Volumes/SN550-2T/freewind-demos/swift-var-constant-demo/build/out/Debug/swift_var_constant_demo.app (in target 'swift_var_constant_demo' from project 'swift_var_constant_demo')
    cd /Volumes/SN550-2T/freewind-demos/swift-var-constant-demo
    builtin-RegisterExecutionPolicyException /Volumes/SN550-2T/freewind-demos/swift-var-constant-demo/build/out/Debug/swift_var_constant_demo.app

Validate /Volumes/SN550-2T/freewind-demos/swift-var-constant-demo/build/out/Debug/swift_var_constant_demo.app (in target 'swift_var_constant_demo' from project 'swift_var_constant_demo')
    cd /Volumes/SN550-2T/freewind-demos/swift-var-constant-demo
    builtin-validationUtility /Volumes/SN550-2T/freewind-demos/swift-var-constant-demo/build/out/Debug/swift_var_constant_demo.app -no-validate-extension -infoplist-subpath Contents/Info.plist

Touch /Volumes/SN550-2T/freewind-demos/swift-var-constant-demo/build/out/Debug/swift_var_constant_demo.app (in target 'swift_var_constant_demo' from project 'swift_var_constant_demo')
    cd /Volumes/SN550-2T/freewind-demos/swift-var-constant-demo
    /usr/bin/touch -c /Volumes/SN550-2T/freewind-demos/swift-var-constant-demo/build/out/Debug/swift_var_constant_demo.app

RegisterWithLaunchServices /Volumes/SN550-2T/freewind-demos/swift-var-constant-demo/build/out/Debug/swift_var_constant_demo.app (in target 'swift_var_constant_demo' from project 'swift_var_constant_demo')
    cd /Volumes/SN550-2T/freewind-demos/swift-var-constant-demo
    /System/Library/Frameworks/CoreServices.framework/Versions/Current/Frameworks/LaunchServices.framework/Versions/Current/Support/lsregister -f -R -trusted /Volumes/SN550-2T/freewind-demos/swift-var-constant-demo/build/out/Debug/swift_var_constant_demo.app

** BUILD SUCCEEDED **

